[INFO] Scanning for projects...
[INFO] 
[INFO] ------------< edu.dosw.rideci:ATENEA_NOTIFICATIONS_BACKEND >------------
[INFO] Building ATENEA_NOTIFICATIONS_BACKEND 0.0.1-SNAPSHOT
[INFO]   from pom.xml
[INFO] --------------------------------[ jar ]---------------------------------
[INFO] 
[INFO] --- jacoco:0.8.12:prepare-agent (prepare-agent) @ ATENEA_NOTIFICATIONS_BACKEND ---
[INFO] argLine set to -javaagent:C:\\Users\\juanp\\.m2\\repository\\org\\jacoco\\org.jacoco.agent\\0.8.12\\org.jacoco.agent-0.8.12-runtime.jar=destfile=D:\\cursor\\ATENEA_NOTIFICATIONS_BACKEND\\target\\jacoco.exec
[INFO] 
[INFO] --- resources:3.3.1:resources (default-resources) @ ATENEA_NOTIFICATIONS_BACKEND ---
[INFO] Copying 1 resource from src\main\resources to target\classes
[INFO] Copying 0 resource from src\main\resources to target\classes
[INFO] 
[INFO] --- compiler:3.11.0:compile (default-compile) @ ATENEA_NOTIFICATIONS_BACKEND ---
[INFO] Nothing to compile - all classes are up to date
[INFO] 
[INFO] --- resources:3.3.1:testResources (default-testResources) @ ATENEA_NOTIFICATIONS_BACKEND ---
[INFO] skip non existing resourceDirectory D:\cursor\ATENEA_NOTIFICATIONS_BACKEND\src\test\resources
[INFO] 
[INFO] --- compiler:3.11.0:testCompile (default-testCompile) @ ATENEA_NOTIFICATIONS_BACKEND ---
[INFO] Nothing to compile - all classes are up to date
[INFO] 
[INFO] --- surefire:3.5.4:test (default-test) @ ATENEA_NOTIFICATIONS_BACKEND ---
[INFO] Using auto detected provider org.apache.maven.surefire.junitplatform.JUnitPlatformProvider
[INFO] 
[INFO] -------------------------------------------------------
[INFO]  T E S T S
[INFO] -------------------------------------------------------
[INFO] Running edu.dosw.rideci.unit.infrastructure.notification.EmailTemplateServiceTest
[ERROR] Tests run: 8, Failures: 2, Errors: 0, Skipped: 0, Time elapsed: 0.289 s <<< FAILURE! -- in edu.dosw.rideci.unit.infrastructure.notification.EmailTemplateServiceTest
[ERROR] edu.dosw.rideci.unit.infrastructure.notification.EmailTemplateServiceTest.shouldBuildPasswordRecoveryEmail -- Time elapsed: 0.060 s <<< FAILURE!
org.opentest4j.AssertionFailedError: expected: <true> but was: <false>
	at org.junit.jupiter.api.AssertionFailureBuilder.build(AssertionFailureBuilder.java:151)
	at org.junit.jupiter.api.AssertionFailureBuilder.buildAndThrow(AssertionFailureBuilder.java:132)
	at org.junit.jupiter.api.AssertTrue.failNotTrue(AssertTrue.java:63)
	at org.junit.jupiter.api.AssertTrue.assertTrue(AssertTrue.java:36)
	at org.junit.jupiter.api.AssertTrue.assertTrue(AssertTrue.java:31)
	at org.junit.jupiter.api.Assertions.assertTrue(Assertions.java:183)
	at edu.dosw.rideci.unit.infrastructure.notification.EmailTemplateServiceTest.shouldBuildPasswordRecoveryEmail(EmailTemplateServiceTest.java:28)
	at java.base/java.lang.reflect.Method.invoke(Method.java:569)
	at java.base/java.util.ArrayList.forEach(ArrayList.java:1511)
	at java.base/java.util.ArrayList.forEach(ArrayList.java:1511)

[ERROR] edu.dosw.rideci.unit.infrastructure.notification.EmailTemplateServiceTest.shouldBuildTravelCreatedEmail -- Time elapsed: 0.006 s <<< FAILURE!
org.opentest4j.AssertionFailedError: expected: <true> but was: <false>
	at org.junit.jupiter.api.AssertionFailureBuilder.build(AssertionFailureBuilder.java:151)
	at org.junit.jupiter.api.AssertionFailureBuilder.buildAndThrow(AssertionFailureBuilder.java:132)
	at org.junit.jupiter.api.AssertTrue.failNotTrue(AssertTrue.java:63)
	at org.junit.jupiter.api.AssertTrue.assertTrue(AssertTrue.java:36)
	at org.junit.jupiter.api.AssertTrue.assertTrue(AssertTrue.java:31)
	at org.junit.jupiter.api.Assertions.assertTrue(Assertions.java:183)
	at edu.dosw.rideci.unit.infrastructure.notification.EmailTemplateServiceTest.shouldBuildTravelCreatedEmail(EmailTemplateServiceTest.java:104)
	at java.base/java.lang.reflect.Method.invoke(Method.java:569)
	at java.base/java.util.ArrayList.forEach(ArrayList.java:1511)
	at java.base/java.util.ArrayList.forEach(ArrayList.java:1511)

[INFO] 
[INFO] Results:
[INFO] 
[ERROR] Failures: 
[ERROR]   EmailTemplateServiceTest.shouldBuildPasswordRecoveryEmail:28 expected: <true> but was: <false>
[ERROR]   EmailTemplateServiceTest.shouldBuildTravelCreatedEmail:104 expected: <true> but was: <false>
[INFO] 
[ERROR] Tests run: 8, Failures: 2, Errors: 0, Skipped: 0
[INFO] 
[INFO] ------------------------------------------------------------------------
[INFO] BUILD FAILURE
[INFO] ------------------------------------------------------------------------
[INFO] Total time:  4.549 s
[INFO] Finished at: 2025-12-15T18:21:40-05:00
[INFO] ------------------------------------------------------------------------
[ERROR] Failed to execute goal org.apache.maven.plugins:maven-surefire-plugin:3.5.4:test (default-test) on project ATENEA_NOTIFICATIONS_BACKEND: There are test failures.
[ERROR] 
[ERROR] See D:\cursor\ATENEA_NOTIFICATIONS_BACKEND\target\surefire-reports for the individual test results.
[ERROR] See dump files (if any exist) [date].dump, [date]-jvmRun[N].dump and [date].dumpstream.
[ERROR] -> [Help 1]
[ERROR] 
[ERROR] To see the full stack trace of the errors, re-run Maven with the -e switch.
[ERROR] Re-run Maven using the -X switch to enable full debug logging.
[ERROR] 
[ERROR] For more information about the errors and possible solutions, please read the following articles:
[ERROR] [Help 1] http://cwiki.apache.org/confluence/display/MAVEN/MojoFailureException
